// Jest Snapshot v1, https://goo.gl/fbAQLP

exports[`Panel render clear and call clear onClick 1`] = `
<div
  className="timebar"
  style={
    Object {
      "display": "flex",
      "justifyContent": "center",
    }
  }
>
  <button
    className="MuiButtonBase-root-23 MuiButton-root-1 MuiButton-textSecondary-4 MuiButton-flat-5 MuiButton-flatSecondary-7"
    disabled={false}
    onBlur={[Function]}
    onClick={[Function]}
    onFocus={[Function]}
    onKeyDown={[Function]}
    onKeyUp={[Function]}
    onMouseDown={[Function]}
    onMouseLeave={[Function]}
    onMouseUp={[Function]}
    onTouchEnd={[Function]}
    onTouchMove={[Function]}
    onTouchStart={[Function]}
    style={
      Object {
        "width": "100%",
      }
    }
    tabIndex="0"
    type="button"
  >
    <span
      className="MuiButton-label-2"
    >
      Clear
    </span>
    <span
      className="MuiTouchRipple-root-26"
    />
  </button>
</div>
`;

exports[`Panel render null if records is empty and stopwatch is running or lapse is 0 1`] = `null`;
